// Jest Snapshot v1, https://goo.gl/fbAQLP

exports[`test welcome page should render welcome page correctly 1`] = `
"<!DOCTYPE html>
 <html lang=\\"en\\">
     <head>
         <meta charset='UTF-8'>
         <title></title>
     </head>
     <body>
         <h1>Welcome to learndb.dev</h1>
     </body>
 </html> 
"
`;
